﻿
> temp-init@0.0.0 build
> vite build

[36mvite v7.3.1 [32mbuilding client environment for production...[36m[39m
transforming...
[32mΓ£ô[39m 20 modules transformed.
node.exe : 
[31mΓ£ù[39m Build 
failed in 569ms
At line:1 char:1
+ & "C:\Program 
Files\nodejs/node.exe" 
"C:\Program 
Files\nodejs/node_mo 
...
+ ~~~~~~~~~~~~~~~~~~~~~
~~~~~~~~~~~~~~~~~~~~~~~
~~~~~~~~~~~~~~~~~~~~~~~
~~
    + CategoryInfo     
         : NotSpecifi  
  ed: ([31mΓ£ù[39m   
  Build failed in 5    
69ms:String) [], R    
emoteException
    + FullyQualifiedEr 
   rorId : NativeComm  
  andError
 
[31merror during 
build:
[31mCould not resolve 
"../../../components/ui
/DataTable" from "src/p
ages/customer/CustomerB
ookings.jsx"[31m
file: [36mD:/KIAAN/Tur
f-Gaming/src/pages/cust
omer/CustomerBookings.j
sx[31m
    at getRollupError (
file:///D:/KIAAN/Turf-G
aming/node_modules/roll
up/dist/es/shared/parse
Ast.js:402:41)
    at error (file:///D
:/KIAAN/Turf-Gaming/nod
e_modules/rollup/dist/e
s/shared/parseAst.js:39
8:42)
    at ModuleLoader.han
dleInvalidResolvedId (f
ile:///D:/KIAAN/Turf-Ga
ming/node_modules/rollu
p/dist/es/shared/node-e
ntry.js:21710:24)
    at file:///D:/KIAAN
/Turf-Gaming/node_modul
es/rollup/dist/es/share
d/node-entry.js:21670:2
6[39m
